Report Instance Areas: 
-----+-----------------------------+---------------+-----+---------
     |Instance                     |Module         |Cells|Cell Area
-----+-----------------------------+---------------+-----+---------
1    |top                          |               |  175|      225
2    |  RCA7                       |RCA4bit__0_126 |   14|       18
3    |    genblk1_0_full_adder_inst|FA__0_125      |    2|        3
4    |    genblk1_1_full_adder_inst|FA__0_121      |    4|        5
5    |    genblk1_2_full_adder_inst|FA__0_117      |    4|        5
6    |    genblk1_3_full_adder_inst|FA__0_113      |    4|        5
7    |  RCA6                       |RCA4bit__0_143 |   14|       18
8    |    genblk1_0_full_adder_inst|FA__0_142      |    2|        3
9    |    genblk1_1_full_adder_inst|FA__0_138      |    4|        5
10   |    genblk1_2_full_adder_inst|FA__0_134      |    4|        5
11   |    genblk1_3_full_adder_inst|FA__0_130      |    4|        5
12   |  RCA5                       |RCA4bit__0_160 |   14|       18
13   |    genblk1_0_full_adder_inst|FA__0_159      |    2|        3
14   |    genblk1_1_full_adder_inst|FA__0_155      |    4|        5
15   |    genblk1_2_full_adder_inst|FA__0_151      |    4|        5
16   |    genblk1_3_full_adder_inst|FA__0_147      |    4|        5
17   |  RCA4                       |RCA4bit__0_177 |   14|       18
18   |    genblk1_0_full_adder_inst|FA__0_176      |    2|        3
19   |    genblk1_1_full_adder_inst|FA__0_172      |    4|        5
20   |    genblk1_2_full_adder_inst|FA__0_168      |    4|        5
21   |    genblk1_3_full_adder_inst|FA__0_164      |    4|        5
22   |  RCA3                       |RCA4bit__0_194 |   14|       18
23   |    genblk1_0_full_adder_inst|FA__0_193      |    2|        3
24   |    genblk1_1_full_adder_inst|FA__0_189      |    4|        5
25   |    genblk1_2_full_adder_inst|FA__0_185      |    4|        5
26   |    genblk1_3_full_adder_inst|FA__0_181      |    4|        5
27   |  RCA2                       |RCA4bit__0_211 |   14|       18
28   |    genblk1_0_full_adder_inst|FA__0_210      |    2|        3
29   |    genblk1_1_full_adder_inst|FA__0_206      |    4|        5
30   |    genblk1_2_full_adder_inst|FA__0_202      |    4|        5
31   |    genblk1_3_full_adder_inst|FA__0_198      |    4|        5
32   |  RCA1                       |RCA4bit__0_228 |   14|       18
33   |    genblk1_0_full_adder_inst|FA__0_227      |    2|        3
34   |    genblk1_1_full_adder_inst|FA__0_223      |    4|        5
35   |    genblk1_2_full_adder_inst|FA__0_219      |    4|        5
36   |    genblk1_3_full_adder_inst|FA__0_215      |    4|        5
37   |  RCA0                       |RCA4bit        |   14|       18
38   |    genblk1_0_full_adder_inst|FA__0_101      |    2|        3
39   |    genblk1_1_full_adder_inst|FA__0_105      |    4|        5
40   |    genblk1_2_full_adder_inst|FA__0_109      |    4|        5
41   |    genblk1_3_full_adder_inst|FA             |    4|        5
42   |  CIN5_6                     |CIN__0_27      |    9|       12
43   |    HA0                      |HalfAdder__0_26|    2|        3
44   |    HA1                      |HalfAdder__0_23|    2|        3
45   |    HA2                      |HalfAdder__0_20|    2|        3
46   |    HA3                      |HalfAdder__0_17|    2|        3
47   |  CIN4_5                     |CIN__0_41      |    9|       12
48   |    HA0                      |HalfAdder__0_40|    2|        3
49   |    HA1                      |HalfAdder__0_37|    2|        3
50   |    HA2                      |HalfAdder__0_34|    2|        3
51   |    HA3                      |HalfAdder__0_31|    2|        3
52   |  CIN3_4                     |CIN__0_55      |    9|       12
53   |    HA0                      |HalfAdder__0_54|    2|        3
54   |    HA1                      |HalfAdder__0_51|    2|        3
55   |    HA2                      |HalfAdder__0_48|    2|        3
56   |    HA3                      |HalfAdder__0_45|    2|        3
57   |  CIN2_3                     |CIN__0_69      |    9|       12
58   |    HA0                      |HalfAdder__0_68|    2|        3
59   |    HA1                      |HalfAdder__0_65|    2|        3
60   |    HA2                      |HalfAdder__0_62|    2|        3
61   |    HA3                      |HalfAdder__0_59|    2|        3
62   |  CIN1_2                     |CIN__0_83      |    9|       12
63   |    HA0                      |HalfAdder__0_82|    2|        3
64   |    HA1                      |HalfAdder__0_79|    2|        3
65   |    HA2                      |HalfAdder__0_76|    2|        3
66   |    HA3                      |HalfAdder__0_73|    2|        3
67   |  CIN0_1                     |CIN__0_97      |    9|       12
68   |    HA0                      |HalfAdder__0_96|    2|        3
69   |    HA1                      |HalfAdder__0_93|    2|        3
70   |    HA2                      |HalfAdder__0_90|    2|        3
71   |    HA3                      |HalfAdder__0_87|    2|        3
72   |  CIN6_7                     |CIN            |    9|       12
73   |    HA0                      |HalfAdder__0_7 |    2|        3
74   |    HA1                      |HalfAdder__0_10|    2|        3
75   |    HA2                      |HalfAdder__0_13|    2|        3
76   |    HA3                      |HalfAdder      |    2|        3
-----+-----------------------------+---------------+-----+---------
