warning: No library characterized for (process = 1.00 voltage = 0.85 temperature = 25.00) can be found in the database for power domain '/PD_TOP'  [NL-174]
Report Power (instances with prefix '*' are included in total) : 
-----+----------+--------------------+---------------------+-------------------+-----------------
     | Instance | Internal Power(uw) | Switching Power(uw) | Leakage Power(uw) | Total Power(uw) 
-----+----------+--------------------+---------------------+-------------------+-----------------
1    |*RCA7     |            0.862111|             2.189099|           0.419107|         3.470318
2    |*RCA6     |            0.862111|             2.189099|           0.419107|         3.470318
3    |*RCA5     |            0.862111|             2.189099|           0.419107|         3.470318
4    |*RCA4     |            0.862111|             2.189099|           0.419107|         3.470318
5    |*RCA3     |            0.862111|             2.189099|           0.419107|         3.470318
6    |*RCA2     |            0.862111|             2.189099|           0.419107|         3.470318
7    |*RCA1     |            0.862111|             2.189099|           0.419107|         3.470318
8    |*RCA0     |            0.860878|             2.609732|           0.419107|         3.889718
9    |*CIN5_6   |            0.512129|             0.948366|           0.267614|         1.728109
10   |*CIN4_5   |            0.512126|             0.947560|           0.267614|         1.727301
11   |*CIN3_4   |            0.512126|             0.947406|           0.267614|         1.727145
12   |*CIN2_3   |            0.512121|             0.946595|           0.267614|         1.726331
13   |*CIN1_2   |            0.512078|             0.946313|           0.267614|         1.726004
14   |*CIN0_1   |            0.511109|             0.942101|           0.267614|         1.720824
15   |*CIN6_7   |            0.515077|             1.043699|           0.267614|         1.826390
16   |          |                    |                     |                   |                 
17   |*TOTAL    |           10.482424|            24.655462|           5.226158|        40.364048
-----+----------+--------------------+---------------------+-------------------+-----------------
