Report Instance Areas: 
-----+-----------------------------+----------------+-----+---------
     |Instance                     |Module          |Cells|Cell Area
-----+-----------------------------+----------------+-----+---------
1    |top                          |                |  175|      221
2    |  skip8                      |SkipLogic__0_135|    7|        9
3    |  rca7                       |RCA4bit__0_31   |   16|       20
4    |    genblk1_0_full_adder_inst|FA__0_30        |    4|        5
5    |    genblk1_1_full_adder_inst|FA__0_26        |    4|        5
6    |    genblk1_2_full_adder_inst|FA__0_22        |    4|        5
7    |    genblk1_3_full_adder_inst|FA__0_18        |    4|        5
8    |  rca6                       |RCA4bit__0_48   |   16|       20
9    |    genblk1_0_full_adder_inst|FA__0_47        |    4|        5
10   |    genblk1_1_full_adder_inst|FA__0_43        |    4|        5
11   |    genblk1_2_full_adder_inst|FA__0_39        |    4|        5
12   |    genblk1_3_full_adder_inst|FA__0_35        |    4|        5
13   |  rca5                       |RCA4bit__0_65   |   16|       20
14   |    genblk1_0_full_adder_inst|FA__0_64        |    4|        5
15   |    genblk1_1_full_adder_inst|FA__0_60        |    4|        5
16   |    genblk1_2_full_adder_inst|FA__0_56        |    4|        5
17   |    genblk1_3_full_adder_inst|FA__0_52        |    4|        5
18   |  rca4                       |RCA4bit__0_82   |   16|       20
19   |    genblk1_0_full_adder_inst|FA__0_81        |    4|        5
20   |    genblk1_1_full_adder_inst|FA__0_77        |    4|        5
21   |    genblk1_2_full_adder_inst|FA__0_73        |    4|        5
22   |    genblk1_3_full_adder_inst|FA__0_69        |    4|        5
23   |  rca3                       |RCA4bit__0_99   |   16|       20
24   |    genblk1_0_full_adder_inst|FA__0_98        |    4|        5
25   |    genblk1_1_full_adder_inst|FA__0_94        |    4|        5
26   |    genblk1_2_full_adder_inst|FA__0_90        |    4|        5
27   |    genblk1_3_full_adder_inst|FA__0_86        |    4|        5
28   |  rca2                       |RCA4bit__0_116  |   16|       20
29   |    genblk1_0_full_adder_inst|FA__0_115       |    4|        5
30   |    genblk1_1_full_adder_inst|FA__0_111       |    4|        5
31   |    genblk1_2_full_adder_inst|FA__0_107       |    4|        5
32   |    genblk1_3_full_adder_inst|FA__0_103       |    4|        5
33   |  rca1                       |RCA4bit__0_133  |   14|       18
34   |    genblk1_0_full_adder_inst|FA__0_132       |    2|        3
35   |    genblk1_1_full_adder_inst|FA__0_128       |    4|        5
36   |    genblk1_2_full_adder_inst|FA__0_124       |    4|        5
37   |    genblk1_3_full_adder_inst|FA__0_120       |    4|        5
38   |  skip7                      |SkipLogic__0_137|    7|        9
39   |  skip6                      |SkipLogic__0_139|    7|        9
40   |  skip5                      |SkipLogic__0_141|    7|        9
41   |  skip4                      |SkipLogic__0_143|    7|        9
42   |  skip3                      |SkipLogic__0_145|    7|        9
43   |  skip2                      |SkipLogic__0_147|    7|        9
44   |  rca8                       |RCA4bit         |   16|       20
45   |    genblk1_0_full_adder_inst|FA__0_6         |    4|        5
46   |    genblk1_1_full_adder_inst|FA__0_10        |    4|        5
47   |    genblk1_2_full_adder_inst|FA__0_14        |    4|        5
48   |    genblk1_3_full_adder_inst|FA              |    4|        5
-----+-----------------------------+----------------+-----+---------
