warning: No library characterized for (process = 1.00 voltage = 0.85 temperature = 25.00) can be found in the database for power domain '/PD_TOP'  [NL-174]
Report Power (instances with prefix '*' are included in total) : 
-----+---------------------------+--------------------+---------------------+-------------------+-----------------
     | Instance                  | Internal Power(uw) | Switching Power(uw) | Leakage Power(uw) | Total Power(uw) 
-----+---------------------------+--------------------+---------------------+-------------------+-----------------
1    |*genblk1_0_full_adder_inst |            0.127671|             0.278065|           0.061230|         0.466966
2    |*genblk1_1_full_adder_inst |            0.246001|             0.771005|           0.119293|         1.136298
3    |*genblk1_2_full_adder_inst |            0.243585|             0.790916|           0.119293|         1.153794
4    |*genblk1_3_full_adder_inst |            0.242689|             0.797159|           0.119293|         1.159141
5    |*genblk1_4_full_adder_inst |            0.242350|             0.799227|           0.119293|         1.160869
6    |*genblk1_5_full_adder_inst |            0.242222|             0.800011|           0.119293|         1.161525
7    |*genblk1_6_full_adder_inst |            0.242174|             0.800229|           0.119293|         1.161695
8    |*genblk1_7_full_adder_inst |            0.242156|             0.800718|           0.119293|         1.162166
9    |*genblk1_8_full_adder_inst |            0.242149|             0.800689|           0.119293|         1.162131
10   |*genblk1_9_full_adder_inst |            0.242147|             0.800773|           0.119293|         1.162212
11   |*genblk1_10_full_adder_inst|            0.242146|             0.800710|           0.119293|         1.162148
12   |*genblk1_11_full_adder_inst|            0.242145|             0.800768|           0.119293|         1.162206
13   |*genblk1_12_full_adder_inst|            0.242145|             0.800700|           0.119293|         1.162138
14   |*genblk1_13_full_adder_inst|            0.242145|             0.800709|           0.119293|         1.162147
15   |*genblk1_14_full_adder_inst|            0.242145|             0.800640|           0.119293|         1.162078
16   |*genblk1_15_full_adder_inst|            0.242145|             0.801022|           0.119293|         1.162460
17   |*genblk1_16_full_adder_inst|            0.242145|             0.800953|           0.119293|         1.162391
18   |*genblk1_17_full_adder_inst|            0.242145|             0.801022|           0.119293|         1.162460
19   |*genblk1_18_full_adder_inst|            0.242145|             0.800953|           0.119293|         1.162391
20   |*genblk1_19_full_adder_inst|            0.242145|             0.801009|           0.119293|         1.162447
21   |*genblk1_20_full_adder_inst|            0.242145|             0.800940|           0.119293|         1.162378
22   |*genblk1_21_full_adder_inst|            0.242145|             0.800949|           0.119293|         1.162387
23   |*genblk1_22_full_adder_inst|            0.242145|             0.800880|           0.119293|         1.162318
24   |*genblk1_23_full_adder_inst|            0.242146|             0.801262|           0.119293|         1.162700
25   |*genblk1_24_full_adder_inst|            0.242146|             0.801193|           0.119293|         1.162631
26   |*genblk1_25_full_adder_inst|            0.242146|             0.801262|           0.119293|         1.162700
27   |*genblk1_26_full_adder_inst|            0.242146|             0.801193|           0.119293|         1.162631
28   |*genblk1_27_full_adder_inst|            0.242146|             0.801249|           0.119293|         1.162687
29   |*genblk1_28_full_adder_inst|            0.242146|             0.801180|           0.119293|         1.162619
30   |*genblk1_29_full_adder_inst|            0.242146|             0.801189|           0.119293|         1.162627
31   |*genblk1_30_full_adder_inst|            0.242146|             0.801120|           0.119293|         1.162558
32   |*genblk1_31_full_adder_inst|            0.240447|             0.862269|           0.119293|         1.222009
33   |                           |                    |                     |                   |                 
34   |*TOTAL                     |            7.638647|            25.121962|           3.759299|        36.519909
-----+---------------------------+--------------------+---------------------+-------------------+-----------------
