warning: No library characterized for (process = 1.00 voltage = 0.85 temperature = 25.00) can be found in the database for power domain '/PD_TOP'  [NL-174]
Report Power (instances with prefix '*' are included in total) : 
-----+----------+--------------------+---------------------+-------------------+-----------------
     | Instance | Internal Power(uw) | Switching Power(uw) | Leakage Power(uw) | Total Power(uw) 
-----+----------+--------------------+---------------------+-------------------+-----------------
1    |*skip8    |            0.345404|             0.519921|           0.185990|         1.051316
2    |*rca7     |            0.963703|             3.467255|           0.477170|         4.908129
3    |*rca6     |            0.963710|             3.471694|           0.477170|         4.912574
4    |*rca5     |            0.963702|             3.466293|           0.477170|         4.907166
5    |*rca4     |            0.963714|             3.470705|           0.477170|         4.911589
6    |*rca3     |            0.963779|             3.464899|           0.477170|         4.905848
7    |*rca2     |            0.964826|             3.462964|           0.477170|         4.904961
8    |*rca1     |            0.858198|             2.702114|           0.419107|         3.979419
9    |*skip7    |            0.345439|             0.523235|           0.185990|         1.054664
10   |*skip6    |            0.345439|             0.523235|           0.185990|         1.054664
11   |*skip5    |            0.345438|             0.523234|           0.185990|         1.054662
12   |*skip4    |            0.345431|             0.523225|           0.185990|         1.054646
13   |*skip3    |            0.345324|             0.523083|           0.185990|         1.054397
14   |*skip2    |            0.343715|             0.520914|           0.185990|         1.050619
15   |*rca8     |            0.963711|             3.472653|           0.477170|         4.913536
16   |          |                    |                     |                   |                 
17   |*TOTAL    |           10.021532|            30.635420|           5.061231|        45.718185
-----+----------+--------------------+---------------------+-------------------+-----------------
